a[0,0,0,0] = 78 should be equal to 78
a[0,0,0,0] + b[0,0,0,0] = 165 should be equal to 165
a[0,0,0,1] = 78 should be equal to 78
a[0,0,0,1] + b[0,0,0,1] = 165 should be equal to 165
a[0,0,0,2] = 78 should be equal to 78
a[0,0,0,2] + b[0,0,0,2] = 165 should be equal to 165
a[0,0,1,0] = 78 should be equal to 78
a[0,0,1,0] + b[0,0,1,0] = 165 should be equal to 165
a[0,0,1,1] = 78 should be equal to 78
a[0,0,1,1] + b[0,0,1,1] = 165 should be equal to 165
a[0,0,1,2] = 78 should be equal to 78
a[0,0,1,2] + b[0,0,1,2] = 165 should be equal to 165
a[0,0,2,0] = 78 should be equal to 78
a[0,0,2,0] + b[0,0,2,0] = 165 should be equal to 165
a[0,0,2,1] = 78 should be equal to 78
a[0,0,2,1] + b[0,0,2,1] = 165 should be equal to 165
a[0,0,2,2] = 78 should be equal to 78
a[0,0,2,2] + b[0,0,2,2] = 165 should be equal to 165
a[0,1,0,0] = 78 should be equal to 78
a[0,1,0,0] + b[0,1,0,0] = 165 should be equal to 165
a[0,1,0,1] = 78 should be equal to 78
a[0,1,0,1] + b[0,1,0,1] = 165 should be equal to 165
a[0,1,0,2] = 78 should be equal to 78
a[0,1,0,2] + b[0,1,0,2] = 165 should be equal to 165
a[0,1,1,0] = 78 should be equal to 78
a[0,1,1,0] + b[0,1,1,0] = 165 should be equal to 165
a[0,1,1,1] = 78 should be equal to 78
a[0,1,1,1] + b[0,1,1,1] = 165 should be equal to 165
a[0,1,1,2] = 78 should be equal to 78
a[0,1,1,2] + b[0,1,1,2] = 165 should be equal to 165
a[0,1,2,0] = 78 should be equal to 78
a[0,1,2,0] + b[0,1,2,0] = 165 should be equal to 165
a[0,1,2,1] = 78 should be equal to 78
a[0,1,2,1] + b[0,1,2,1] = 165 should be equal to 165
a[0,1,2,2] = 78 should be equal to 78
a[0,1,2,2] + b[0,1,2,2] = 165 should be equal to 165
a[0,2,0,0] = 78 should be equal to 78
a[0,2,0,0] + b[0,2,0,0] = 165 should be equal to 165
a[0,2,0,1] = 78 should be equal to 78
a[0,2,0,1] + b[0,2,0,1] = 165 should be equal to 165
a[0,2,0,2] = 78 should be equal to 78
a[0,2,0,2] + b[0,2,0,2] = 165 should be equal to 165
a[0,2,1,0] = 78 should be equal to 78
a[0,2,1,0] + b[0,2,1,0] = 165 should be equal to 165
a[0,2,1,1] = 78 should be equal to 78
a[0,2,1,1] + b[0,2,1,1] = 165 should be equal to 165
a[0,2,1,2] = 78 should be equal to 78
a[0,2,1,2] + b[0,2,1,2] = 165 should be equal to 165
a[0,2,2,0] = 78 should be equal to 78
a[0,2,2,0] + b[0,2,2,0] = 165 should be equal to 165
a[0,2,2,1] = 78 should be equal to 78
a[0,2,2,1] + b[0,2,2,1] = 165 should be equal to 165
a[0,2,2,2] = 78 should be equal to 78
a[0,2,2,2] + b[0,2,2,2] = 165 should be equal to 165
a[1,0,0,0] = 78 should be equal to 78
a[1,0,0,0] + b[1,0,0,0] = 165 should be equal to 165
a[1,0,0,1] = 78 should be equal to 78
a[1,0,0,1] + b[1,0,0,1] = 165 should be equal to 165
a[1,0,0,2] = 78 should be equal to 78
a[1,0,0,2] + b[1,0,0,2] = 165 should be equal to 165
a[1,0,1,0] = 78 should be equal to 78
a[1,0,1,0] + b[1,0,1,0] = 165 should be equal to 165
a[1,0,1,1] = 78 should be equal to 78
a[1,0,1,1] + b[1,0,1,1] = 165 should be equal to 165
a[1,0,1,2] = 78 should be equal to 78
a[1,0,1,2] + b[1,0,1,2] = 165 should be equal to 165
a[1,0,2,0] = 78 should be equal to 78
a[1,0,2,0] + b[1,0,2,0] = 165 should be equal to 165
a[1,0,2,1] = 78 should be equal to 78
a[1,0,2,1] + b[1,0,2,1] = 165 should be equal to 165
a[1,0,2,2] = 78 should be equal to 78
a[1,0,2,2] + b[1,0,2,2] = 165 should be equal to 165
a[1,1,0,0] = 78 should be equal to 78
a[1,1,0,0] + b[1,1,0,0] = 165 should be equal to 165
a[1,1,0,1] = 78 should be equal to 78
a[1,1,0,1] + b[1,1,0,1] = 165 should be equal to 165
a[1,1,0,2] = 78 should be equal to 78
a[1,1,0,2] + b[1,1,0,2] = 165 should be equal to 165
a[1,1,1,0] = 78 should be equal to 78
a[1,1,1,0] + b[1,1,1,0] = 165 should be equal to 165
a[1,1,1,1] = 78 should be equal to 78
a[1,1,1,1] + b[1,1,1,1] = 165 should be equal to 165
a[1,1,1,2] = 78 should be equal to 78
a[1,1,1,2] + b[1,1,1,2] = 165 should be equal to 165
a[1,1,2,0] = 78 should be equal to 78
a[1,1,2,0] + b[1,1,2,0] = 165 should be equal to 165
a[1,1,2,1] = 78 should be equal to 78
a[1,1,2,1] + b[1,1,2,1] = 165 should be equal to 165
a[1,1,2,2] = 78 should be equal to 78
a[1,1,2,2] + b[1,1,2,2] = 165 should be equal to 165
a[1,2,0,0] = 78 should be equal to 78
a[1,2,0,0] + b[1,2,0,0] = 165 should be equal to 165
a[1,2,0,1] = 78 should be equal to 78
a[1,2,0,1] + b[1,2,0,1] = 165 should be equal to 165
a[1,2,0,2] = 78 should be equal to 78
a[1,2,0,2] + b[1,2,0,2] = 165 should be equal to 165
a[1,2,1,0] = 78 should be equal to 78
a[1,2,1,0] + b[1,2,1,0] = 165 should be equal to 165
a[1,2,1,1] = 78 should be equal to 78
a[1,2,1,1] + b[1,2,1,1] = 165 should be equal to 165
a[1,2,1,2] = 78 should be equal to 78
a[1,2,1,2] + b[1,2,1,2] = 165 should be equal to 165
a[1,2,2,0] = 78 should be equal to 78
a[1,2,2,0] + b[1,2,2,0] = 165 should be equal to 165
a[1,2,2,1] = 78 should be equal to 78
a[1,2,2,1] + b[1,2,2,1] = 165 should be equal to 165
a[1,2,2,2] = 78 should be equal to 78
a[1,2,2,2] + b[1,2,2,2] = 165 should be equal to 165
a[2,0,0,0] = 78 should be equal to 78
a[2,0,0,0] + b[2,0,0,0] = 165 should be equal to 165
a[2,0,0,1] = 78 should be equal to 78
a[2,0,0,1] + b[2,0,0,1] = 165 should be equal to 165
a[2,0,0,2] = 78 should be equal to 78
a[2,0,0,2] + b[2,0,0,2] = 165 should be equal to 165
a[2,0,1,0] = 78 should be equal to 78
a[2,0,1,0] + b[2,0,1,0] = 165 should be equal to 165
a[2,0,1,1] = 78 should be equal to 78
a[2,0,1,1] + b[2,0,1,1] = 165 should be equal to 165
a[2,0,1,2] = 78 should be equal to 78
a[2,0,1,2] + b[2,0,1,2] = 165 should be equal to 165
a[2,0,2,0] = 78 should be equal to 78
a[2,0,2,0] + b[2,0,2,0] = 165 should be equal to 165
a[2,0,2,1] = 78 should be equal to 78
a[2,0,2,1] + b[2,0,2,1] = 165 should be equal to 165
a[2,0,2,2] = 78 should be equal to 78
a[2,0,2,2] + b[2,0,2,2] = 165 should be equal to 165
a[2,1,0,0] = 78 should be equal to 78
a[2,1,0,0] + b[2,1,0,0] = 165 should be equal to 165
a[2,1,0,1] = 78 should be equal to 78
a[2,1,0,1] + b[2,1,0,1] = 165 should be equal to 165
a[2,1,0,2] = 78 should be equal to 78
a[2,1,0,2] + b[2,1,0,2] = 165 should be equal to 165
a[2,1,1,0] = 78 should be equal to 78
a[2,1,1,0] + b[2,1,1,0] = 165 should be equal to 165
a[2,1,1,1] = 78 should be equal to 78
a[2,1,1,1] + b[2,1,1,1] = 165 should be equal to 165
a[2,1,1,2] = 78 should be equal to 78
a[2,1,1,2] + b[2,1,1,2] = 165 should be equal to 165
a[2,1,2,0] = 78 should be equal to 78
a[2,1,2,0] + b[2,1,2,0] = 165 should be equal to 165
a[2,1,2,1] = 78 should be equal to 78
a[2,1,2,1] + b[2,1,2,1] = 165 should be equal to 165
a[2,1,2,2] = 78 should be equal to 78
a[2,1,2,2] + b[2,1,2,2] = 165 should be equal to 165
a[2,2,0,0] = 78 should be equal to 78
a[2,2,0,0] + b[2,2,0,0] = 165 should be equal to 165
a[2,2,0,1] = 78 should be equal to 78
a[2,2,0,1] + b[2,2,0,1] = 165 should be equal to 165
a[2,2,0,2] = 78 should be equal to 78
a[2,2,0,2] + b[2,2,0,2] = 165 should be equal to 165
a[2,2,1,0] = 78 should be equal to 78
a[2,2,1,0] + b[2,2,1,0] = 165 should be equal to 165
a[2,2,1,1] = 78 should be equal to 78
a[2,2,1,1] + b[2,2,1,1] = 165 should be equal to 165
a[2,2,1,2] = 78 should be equal to 78
a[2,2,1,2] + b[2,2,1,2] = 165 should be equal to 165
a[2,2,2,0] = 78 should be equal to 78
a[2,2,2,0] + b[2,2,2,0] = 165 should be equal to 165
a[2,2,2,1] = 78 should be equal to 78
a[2,2,2,1] + b[2,2,2,1] = 165 should be equal to 165
a[2,2,2,2] = 78 should be equal to 78
a[2,2,2,2] + b[2,2,2,2] = 165 should be equal to 165
187 should be equal to 187
187 should be equal to 187
187 should be equal to 187
